1
2
-3
3
4
-5
-3
6
7
8
-3
9
-5
11
-3
12
13
14
-15
15
16
17
-3
18
19
